Build started 24-Jan-17 1:21:08 AM.
     1>Project "C:\Users\Sabbccc\Documents\Visual Studio 2013\Projects\test\test\test.vcxproj" on node 2 (Build target(s)).
     1>ClCompile:
         C:\Program Files (x86)\Microsoft Visual Studio 12.0\VC\bin\CL.exe /c /ZI /nologo /W3 /WX- /sdl /Od /Oy- /D _MBCS /Gm /EHsc /RTC1 /MDd /GS /fp:precise /Zc:wchar_t /Zc:forScope /Fo"Debug\\" /Fd"Debug\vc120.pdb" /Gd /TP /analyze- /errorReport:prompt iMain.cpp
         iMain.cpp
       Link:
         C:\Program Files (x86)\Microsoft Visual Studio 12.0\VC\bin\link.exe /ERRORREPORT:PROMPT /OUT:"C:\Users\Sabbccc\Documents\Visual Studio 2013\Projects\test\Debug\test.exe" /INCREMENTAL /NOLOGO kernel32.lib user32.lib gdi32.lib winspool.lib comdlg32.lib advapi32.lib shell32.lib ole32.lib oleaut32.lib uuid.lib odbc32.lib odbccp32.lib /MANIFEST /MANIFESTUAC:"level='asInvoker' uiAccess='false'" /manifest:embed /DEBUG /PDB:"C:\Users\Sabbccc\Documents\Visual Studio 2013\Projects\test\Debug\test.pdb" /TLBID:1 /DYNAMICBASE /NXCOMPAT /IMPLIB:"C:\Users\Sabbccc\Documents\Visual Studio 2013\Projects\test\Debug\test.lib" /MACHINE:X86 Debug\iMain.obj
         test.vcxproj -> C:\Users\Sabbccc\Documents\Visual Studio 2013\Projects\test\Debug\test.exe
     1>Done Building Project "C:\Users\Sabbccc\Documents\Visual Studio 2013\Projects\test\test\test.vcxproj" (Build target(s)).

Build succeeded.

Time Elapsed 00:00:01.28
